
===========================================================================
report_checks -unconstrained
===========================================================================
======================= Typical Corner ===================================

Startpoint: _11212_ (rising edge-triggered flip-flop clocked by clk)
Endpoint: y_out[12] (output port clocked by clk)
Path Group: clk
Path Type: max

Fanout     Cap    Slew   Delay    Time   Description
-----------------------------------------------------------------------------
                          0.00    0.00   clock clk (rise edge)
                          0.00    0.00   clock source latency
                  0.00    0.00    0.00 ^ clk (in)
     2    0.07                           clk (net)
                  0.01    0.00    0.00 ^ clkbuf_0_clk/A (sky130_fd_sc_hd__clkbuf_16)
                  0.22    0.26    0.26 ^ clkbuf_0_clk/X (sky130_fd_sc_hd__clkbuf_16)
    16    0.21                           clknet_0_clk (net)
                  0.22    0.01    0.26 ^ clkbuf_3_4__f_clk/A (sky130_fd_sc_hd__clkbuf_16)
                  0.14    0.27    0.54 ^ clkbuf_3_4__f_clk/X (sky130_fd_sc_hd__clkbuf_16)
    16    0.12                           clknet_3_4__leaf_clk (net)
                  0.14    0.00    0.54 ^ clkbuf_leaf_64_clk/A (sky130_fd_sc_hd__clkbuf_16)
                  0.05    0.17    0.72 ^ clkbuf_leaf_64_clk/X (sky130_fd_sc_hd__clkbuf_16)
     9    0.03                           clknet_leaf_64_clk (net)
                  0.05    0.00    0.72 ^ _11212_/CLK (sky130_fd_sc_hd__dfrtp_1)
                  0.09    0.43    1.15 v _11212_/Q (sky130_fd_sc_hd__dfrtp_1)
     5    0.01                           u_mult.Z_reg[1] (net)
                  0.09    0.00    1.15 v _05572_/A1 (sky130_fd_sc_hd__o211a_1)
                  0.05    0.26    1.41 v _05572_/X (sky130_fd_sc_hd__o211a_1)
     1    0.00                           _00532_ (net)
                  0.05    0.00    1.41 v _05575_/B1 (sky130_fd_sc_hd__o221a_1)
                  0.05    0.23    1.64 v _05575_/X (sky130_fd_sc_hd__o221a_1)
     1    0.00                           _00535_ (net)
                  0.05    0.00    1.64 v _05576_/C1 (sky130_fd_sc_hd__a221o_1)
                  0.05    0.27    1.91 v _05576_/X (sky130_fd_sc_hd__a221o_1)
     1    0.00                           _00536_ (net)
                  0.05    0.00    1.91 v _05577_/C1 (sky130_fd_sc_hd__o221a_1)
                  0.05    0.13    2.03 v _05577_/X (sky130_fd_sc_hd__o221a_1)
     1    0.00                           _00537_ (net)
                  0.05    0.00    2.03 v _05582_/B1 (sky130_fd_sc_hd__a2111o_1)
                  0.07    0.41    2.44 v _05582_/X (sky130_fd_sc_hd__a2111o_1)
     1    0.00                           _00542_ (net)
                  0.07    0.00    2.45 v _05585_/B1 (sky130_fd_sc_hd__a22o_1)
                  0.04    0.19    2.64 v _05585_/X (sky130_fd_sc_hd__a22o_1)
     1    0.00                           _00545_ (net)
                  0.04    0.00    2.64 v _05587_/B1 (sky130_fd_sc_hd__a22o_1)
                  0.07    0.22    2.85 v _05587_/X (sky130_fd_sc_hd__a22o_1)
     2    0.01                           _00547_ (net)
                  0.07    0.00    2.85 v _05590_/A2 (sky130_fd_sc_hd__a2111oi_2)
                  0.29    0.40    3.25 ^ _05590_/Y (sky130_fd_sc_hd__a2111oi_2)
     1    0.00                           _00550_ (net)
                  0.29    0.00    3.25 ^ wire2/A (sky130_fd_sc_hd__clkbuf_1)
                  0.07    0.15    3.40 ^ wire2/X (sky130_fd_sc_hd__clkbuf_1)
     2    0.01                           net108 (net)
                  0.07    0.00    3.40 ^ max_cap1/A (sky130_fd_sc_hd__clkbuf_1)
                  0.04    0.09    3.49 ^ max_cap1/X (sky130_fd_sc_hd__clkbuf_1)
     1    0.00                           net107 (net)
                  0.04    0.00    3.49 ^ max_cap69/A (sky130_fd_sc_hd__clkbuf_1)
                  0.08    0.11    3.60 ^ max_cap69/X (sky130_fd_sc_hd__clkbuf_1)
     2    0.01                           net69 (net)
                  0.08    0.00    3.60 ^ _05592_/A2 (sky130_fd_sc_hd__o21a_1)
                  0.07    0.14    3.74 ^ _05592_/X (sky130_fd_sc_hd__o21a_1)
     2    0.01                           _00552_ (net)
                  0.07    0.00    3.74 ^ _05593_/A (sky130_fd_sc_hd__nor2_1)
                  0.06    0.06    3.81 v _05593_/Y (sky130_fd_sc_hd__nor2_1)
     2    0.01                           _00553_ (net)
                  0.06    0.00    3.81 v _05597_/A (sky130_fd_sc_hd__or2_4)
                  0.07    0.30    4.11 v _05597_/X (sky130_fd_sc_hd__or2_4)
     3    0.03                           _00557_ (net)
                  0.07    0.00    4.11 v _05689_/A (sky130_fd_sc_hd__or2_4)
                  0.07    0.30    4.41 v _05689_/X (sky130_fd_sc_hd__or2_4)
     2    0.02                           _00647_ (net)
                  0.07    0.00    4.41 v _05732_/B (sky130_fd_sc_hd__or2_4)
                  0.06    0.26    4.68 v _05732_/X (sky130_fd_sc_hd__or2_4)
     2    0.01                           _00689_ (net)
                  0.06    0.00    4.68 v _05768_/A (sky130_fd_sc_hd__or2_4)
                  0.06    0.29    4.97 v _05768_/X (sky130_fd_sc_hd__or2_4)
     3    0.02                           _00724_ (net)
                  0.06    0.00    4.97 v _05774_/A (sky130_fd_sc_hd__xnor2_1)
                  0.09    0.17    5.13 v _05774_/Y (sky130_fd_sc_hd__xnor2_1)
     2    0.01                           _00730_ (net)
                  0.09    0.00    5.13 v _05776_/B (sky130_fd_sc_hd__and2_1)
                  0.06    0.21    5.35 v _05776_/X (sky130_fd_sc_hd__and2_1)
     3    0.01                           _00732_ (net)
                  0.06    0.00    5.35 v _05777_/B (sky130_fd_sc_hd__nor2_2)
                  0.11    0.12    5.47 ^ _05777_/Y (sky130_fd_sc_hd__nor2_2)
     4    0.01                           _00733_ (net)
                  0.11    0.00    5.47 ^ _05782_/A_N (sky130_fd_sc_hd__and2b_1)
                  0.06    0.23    5.70 v _05782_/X (sky130_fd_sc_hd__and2b_1)
     3    0.01                           _00738_ (net)
                  0.06    0.00    5.70 v _05783_/A2 (sky130_fd_sc_hd__o21ai_1)
                  0.19    0.20    5.90 ^ _05783_/Y (sky130_fd_sc_hd__o21ai_1)
     2    0.01                           _00739_ (net)
                  0.19    0.00    5.90 ^ _05784_/B1 (sky130_fd_sc_hd__o21a_1)
                  0.15    0.24    6.14 ^ _05784_/X (sky130_fd_sc_hd__o21a_1)
     3    0.02                           _00740_ (net)
                  0.15    0.00    6.14 ^ _05785_/B (sky130_fd_sc_hd__xnor2_2)
                  0.09    0.13    6.27 v _05785_/Y (sky130_fd_sc_hd__xnor2_2)
     5    0.02                           _00741_ (net)
                  0.09    0.00    6.27 v _05792_/B (sky130_fd_sc_hd__and2b_1)
                  0.05    0.20    6.47 v _05792_/X (sky130_fd_sc_hd__and2b_1)
     2    0.01                           _00747_ (net)
                  0.05    0.00    6.47 v _05827_/A1 (sky130_fd_sc_hd__o21a_1)
                  0.07    0.23    6.70 v _05827_/X (sky130_fd_sc_hd__o21a_1)
     3    0.01                           _00782_ (net)
                  0.07    0.00    6.70 v _05867_/A1 (sky130_fd_sc_hd__o21a_1)
                  0.08    0.24    6.94 v _05867_/X (sky130_fd_sc_hd__o21a_1)
     3    0.01                           _00821_ (net)
                  0.08    0.00    6.94 v _05902_/A1 (sky130_fd_sc_hd__o21ai_1)
                  0.18    0.21    7.15 ^ _05902_/Y (sky130_fd_sc_hd__o21ai_1)
     2    0.01                           _00855_ (net)
                  0.18    0.00    7.15 ^ _05942_/B1 (sky130_fd_sc_hd__o21ai_1)
                  0.11    0.15    7.30 v _05942_/Y (sky130_fd_sc_hd__o21ai_1)
     2    0.01                           _00894_ (net)
                  0.11    0.00    7.30 v _05946_/B (sky130_fd_sc_hd__and2b_1)
                  0.05    0.20    7.50 v _05946_/X (sky130_fd_sc_hd__and2b_1)
     2    0.01                           _00897_ (net)
                  0.05    0.00    7.50 v _05983_/A1 (sky130_fd_sc_hd__o21a_1)
                  0.07    0.23    7.73 v _05983_/X (sky130_fd_sc_hd__o21a_1)
     3    0.01                           _00934_ (net)
                  0.07    0.00    7.73 v _06022_/A1 (sky130_fd_sc_hd__o21a_1)
                  0.08    0.24    7.97 v _06022_/X (sky130_fd_sc_hd__o21a_1)
     3    0.01                           _00972_ (net)
                  0.08    0.00    7.97 v _06064_/A1 (sky130_fd_sc_hd__o21a_1)
                  0.06    0.23    8.20 v _06064_/X (sky130_fd_sc_hd__o21a_1)
     3    0.01                           _01013_ (net)
                  0.06    0.00    8.20 v _06101_/A1 (sky130_fd_sc_hd__o21bai_1)
                  0.19    0.22    8.41 ^ _06101_/Y (sky130_fd_sc_hd__o21bai_1)
     2    0.01                           _01049_ (net)
                  0.19    0.00    8.41 ^ _06103_/B (sky130_fd_sc_hd__and3_1)
                  0.06    0.20    8.61 ^ _06103_/X (sky130_fd_sc_hd__and3_1)
     1    0.00                           _01051_ (net)
                  0.06    0.00    8.61 ^ _06104_/B1 (sky130_fd_sc_hd__a21o_1)
                  0.26    0.25    8.86 ^ _06104_/X (sky130_fd_sc_hd__a21o_1)
     2    0.03                           net31 (net)
                  0.26    0.00    8.86 ^ output31/A (sky130_fd_sc_hd__clkbuf_16)
                 32.59   23.45   32.31 ^ output31/X (sky130_fd_sc_hd__clkbuf_16)
     1   33.00                           y_out[12] (net)
                 32.62    0.80   33.11 ^ y_out[12] (out)
                                 33.11   data arrival time

                         40.00   40.00   clock clk (rise edge)
                          0.00   40.00   clock network delay (propagated)
                         -0.25   39.75   clock uncertainty
                          0.00   39.75   clock reconvergence pessimism
                         -2.00   37.75   output external delay
                                 37.75   data required time
-----------------------------------------------------------------------------
                                 37.75   data required time
                                -33.11   data arrival time
-----------------------------------------------------------------------------
                                  4.64   slack (MET)




===========================================================================
report_checks --slack_max -0.01
============================================================================
======================= Typical Corner ===================================

No paths found.


===========================================================================
 report_check_types -max_slew -max_cap -max_fanout -violators
============================================================================
======================= Typical Corner ===================================

max slew

Pin                                    Limit    Slew   Slack
------------------------------------------------------------
y_done                                  0.75   32.79  -32.04 (VIOLATED)
output27/X                              0.75   32.75  -32.00 (VIOLATED)
y_out[5]                                0.75   32.70  -31.95 (VIOLATED)
y_out[1]                                0.75   32.69  -31.94 (VIOLATED)
y_out[27]                               0.75   32.68  -31.93 (VIOLATED)
y_out[7]                                0.75   32.68  -31.93 (VIOLATED)
output51/X                              0.75   32.68  -31.93 (VIOLATED)
y_out[8]                                0.75   32.67  -31.92 (VIOLATED)
y_out[2]                                0.75   32.66  -31.91 (VIOLATED)
output39/X                              0.75   32.66  -31.91 (VIOLATED)
output47/X                              0.75   32.66  -31.91 (VIOLATED)
output53/X                              0.75   32.65  -31.90 (VIOLATED)
output54/X                              0.75   32.65  -31.90 (VIOLATED)
y_out[18]                               0.75   32.64  -31.89 (VIOLATED)
y_out[11]                               0.75   32.64  -31.89 (VIOLATED)
output48/X                              0.75   32.64  -31.89 (VIOLATED)
y_start                                 0.75   32.63  -31.88 (VIOLATED)
output37/X                              0.75   32.62  -31.87 (VIOLATED)
y_out[12]                               0.75   32.62  -31.87 (VIOLATED)
y_valid                                 0.75   32.62  -31.87 (VIOLATED)
output30/X                              0.75   32.61  -31.86 (VIOLATED)
y_out[6]                                0.75   32.61  -31.86 (VIOLATED)
output56/X                              0.75   32.60  -31.85 (VIOLATED)
y_out[0]                                0.75   32.59  -31.84 (VIOLATED)
output31/X                              0.75   32.59  -31.84 (VIOLATED)
output57/X                              0.75   32.59  -31.84 (VIOLATED)
y_out[23]                               0.75   32.59  -31.84 (VIOLATED)
y_out[9]                                0.75   32.58  -31.83 (VIOLATED)
output52/X                              0.75   32.58  -31.83 (VIOLATED)
y_out[17]                               0.75   32.58  -31.83 (VIOLATED)
y_out[24]                               0.75   32.57  -31.82 (VIOLATED)
output28/X                              0.75   32.57  -31.82 (VIOLATED)
output43/X                              0.75   32.57  -31.82 (VIOLATED)
output55/X                              0.75   32.56  -31.81 (VIOLATED)
output44/X                              0.75   32.56  -31.81 (VIOLATED)
output36/X                              0.75   32.55  -31.80 (VIOLATED)
y_out[25]                               0.75   32.55  -31.80 (VIOLATED)
y_out[21]                               0.75   32.54  -31.79 (VIOLATED)
y_out[3]                                0.75   32.54  -31.79 (VIOLATED)
y_out[19]                               0.75   32.54  -31.79 (VIOLATED)
y_out[22]                               0.75   32.53  -31.78 (VIOLATED)
y_out[14]                               0.75   32.53  -31.78 (VIOLATED)
output45/X                              0.75   32.53  -31.78 (VIOLATED)
output49/X                              0.75   32.52  -31.77 (VIOLATED)
y_out[20]                               0.75   32.52  -31.77 (VIOLATED)
output41/X                              0.75   32.52  -31.77 (VIOLATED)
output38/X                              0.75   32.52  -31.77 (VIOLATED)
output42/X                              0.75   32.52  -31.77 (VIOLATED)
output33/X                              0.75   32.51  -31.76 (VIOLATED)
y_out[26]                               0.75   32.51  -31.76 (VIOLATED)
y_out[10]                               0.75   32.51  -31.76 (VIOLATED)
y_out[16]                               0.75   32.51  -31.76 (VIOLATED)
output40/X                              0.75   32.50  -31.75 (VIOLATED)
y_out[4]                                0.75   32.49  -31.74 (VIOLATED)
output46/X                              0.75   32.49  -31.74 (VIOLATED)
y_out[15]                               0.75   32.49  -31.74 (VIOLATED)
output35/X                              0.75   32.49  -31.74 (VIOLATED)
output29/X                              0.75   32.49  -31.74 (VIOLATED)
output50/X                              0.75   32.48  -31.73 (VIOLATED)
output34/X                              0.75   32.47  -31.72 (VIOLATED)
y_out[13]                               0.75   32.42  -31.67 (VIOLATED)
output32/X                              0.75   32.40  -31.65 (VIOLATED)

max fanout

Pin                                   Limit Fanout  Slack
---------------------------------------------------------
fanout100/X                              20     40    -20 (VIOLATED)
fanout101/X                              20     40    -20 (VIOLATED)
fanout102/X                              20     40    -20 (VIOLATED)
fanout75/X                               20     40    -20 (VIOLATED)
fanout77/X                               20     40    -20 (VIOLATED)
fanout80/X                               20     40    -20 (VIOLATED)
fanout81/X                               20     40    -20 (VIOLATED)
fanout82/X                               20     40    -20 (VIOLATED)
fanout87/X                               20     40    -20 (VIOLATED)
fanout88/X                               20     40    -20 (VIOLATED)
fanout90/X                               20     40    -20 (VIOLATED)
fanout94/X                               20     40    -20 (VIOLATED)
fanout97/X                               20     40    -20 (VIOLATED)
fanout99/X                               20     40    -20 (VIOLATED)
fanout83/X                               20     38    -18 (VIOLATED)
fanout89/X                               20     38    -18 (VIOLATED)
fanout95/X                               20     38    -18 (VIOLATED)
fanout91/X                               20     36    -16 (VIOLATED)
fanout76/X                               20     34    -14 (VIOLATED)
fanout103/X                              20     32    -12 (VIOLATED)
fanout96/X                               20     32    -12 (VIOLATED)
_05558_/X                                20     30    -10 (VIOLATED)
_05559_/X                                20     30    -10 (VIOLATED)
_05560_/X                                20     30    -10 (VIOLATED)
_05668_/X                                20     30    -10 (VIOLATED)
_05670_/X                                20     30    -10 (VIOLATED)
_05704_/X                                20     30    -10 (VIOLATED)
_05708_/X                                20     30    -10 (VIOLATED)
_05789_/X                                20     30    -10 (VIOLATED)
_05864_/X                                20     30    -10 (VIOLATED)
_05985_/X                                20     30    -10 (VIOLATED)
_06061_/X                                20     30    -10 (VIOLATED)
_06223_/X                                20     30    -10 (VIOLATED)
_06224_/X                                20     30    -10 (VIOLATED)
_06229_/X                                20     30    -10 (VIOLATED)
_06230_/X                                20     30    -10 (VIOLATED)
_06231_/X                                20     30    -10 (VIOLATED)
_06232_/X                                20     30    -10 (VIOLATED)
_06234_/X                                20     30    -10 (VIOLATED)
_06260_/X                                20     30    -10 (VIOLATED)
_06287_/X                                20     30    -10 (VIOLATED)
_06288_/X                                20     30    -10 (VIOLATED)
_06290_/X                                20     30    -10 (VIOLATED)
_06291_/X                                20     30    -10 (VIOLATED)
_06292_/X                                20     30    -10 (VIOLATED)
_06295_/X                                20     30    -10 (VIOLATED)
_06296_/X                                20     30    -10 (VIOLATED)
_06325_/X                                20     30    -10 (VIOLATED)
_06352_/X                                20     30    -10 (VIOLATED)
_06377_/X                                20     30    -10 (VIOLATED)
_06541_/X                                20     30    -10 (VIOLATED)
_06544_/X                                20     30    -10 (VIOLATED)
_06545_/X                                20     30    -10 (VIOLATED)
_06546_/X                                20     30    -10 (VIOLATED)
_06554_/X                                20     30    -10 (VIOLATED)
_06574_/X                                20     30    -10 (VIOLATED)
_06610_/X                                20     30    -10 (VIOLATED)
_06692_/X                                20     30    -10 (VIOLATED)
_06723_/X                                20     30    -10 (VIOLATED)
_06746_/X                                20     30    -10 (VIOLATED)
_06782_/X                                20     30    -10 (VIOLATED)
_06783_/X                                20     30    -10 (VIOLATED)
_06784_/X                                20     30    -10 (VIOLATED)
_06792_/X                                20     30    -10 (VIOLATED)
_06811_/X                                20     30    -10 (VIOLATED)
_06812_/X                                20     30    -10 (VIOLATED)
_06814_/X                                20     30    -10 (VIOLATED)
_06831_/Y                                20     30    -10 (VIOLATED)
_06838_/Y                                20     30    -10 (VIOLATED)
_06866_/X                                20     30    -10 (VIOLATED)
_06888_/X                                20     30    -10 (VIOLATED)
_06932_/X                                20     30    -10 (VIOLATED)
_06933_/X                                20     30    -10 (VIOLATED)
_06980_/X                                20     30    -10 (VIOLATED)
_07034_/X                                20     30    -10 (VIOLATED)
_07048_/X                                20     30    -10 (VIOLATED)
_07109_/X                                20     30    -10 (VIOLATED)
_07139_/X                                20     30    -10 (VIOLATED)
_07168_/X                                20     30    -10 (VIOLATED)
_07169_/X                                20     30    -10 (VIOLATED)
_07243_/X                                20     30    -10 (VIOLATED)
_07253_/X                                20     30    -10 (VIOLATED)
_07254_/X                                20     30    -10 (VIOLATED)
_07320_/X                                20     30    -10 (VIOLATED)
_07340_/X                                20     30    -10 (VIOLATED)
_07366_/X                                20     30    -10 (VIOLATED)
_07421_/X                                20     30    -10 (VIOLATED)
_07491_/X                                20     30    -10 (VIOLATED)
_07892_/X                                20     30    -10 (VIOLATED)
_08110_/X                                20     30    -10 (VIOLATED)
_08186_/X                                20     30    -10 (VIOLATED)
_08345_/X                                20     30    -10 (VIOLATED)
_08410_/X                                20     30    -10 (VIOLATED)
_08752_/X                                20     30    -10 (VIOLATED)
_08801_/X                                20     30    -10 (VIOLATED)
_09071_/X                                20     30    -10 (VIOLATED)
_09084_/X                                20     30    -10 (VIOLATED)
_09169_/X                                20     30    -10 (VIOLATED)
_09172_/X                                20     30    -10 (VIOLATED)
_09274_/X                                20     30    -10 (VIOLATED)
_09382_/X                                20     30    -10 (VIOLATED)
_09450_/X                                20     30    -10 (VIOLATED)
_09828_/X                                20     30    -10 (VIOLATED)
_10379_/X                                20     30    -10 (VIOLATED)
_10391_/X                                20     30    -10 (VIOLATED)
_10401_/X                                20     30    -10 (VIOLATED)
_10482_/X                                20     30    -10 (VIOLATED)
_10514_/X                                20     30    -10 (VIOLATED)
_10545_/X                                20     30    -10 (VIOLATED)
_10576_/X                                20     30    -10 (VIOLATED)
_10607_/X                                20     30    -10 (VIOLATED)
_10638_/X                                20     30    -10 (VIOLATED)
_10669_/X                                20     30    -10 (VIOLATED)
_10700_/X                                20     30    -10 (VIOLATED)
_10731_/X                                20     30    -10 (VIOLATED)
_10762_/X                                20     30    -10 (VIOLATED)
_10793_/X                                20     30    -10 (VIOLATED)
_10877_/X                                20     30    -10 (VIOLATED)
_10964_/X                                20     30    -10 (VIOLATED)
_10995_/X                                20     30    -10 (VIOLATED)
_11026_/X                                20     30    -10 (VIOLATED)
_11081_/X                                20     30    -10 (VIOLATED)
_11572_/Q                                20     30    -10 (VIOLATED)
_06802_/X                                20     28     -8 (VIOLATED)
_06863_/Y                                20     28     -8 (VIOLATED)
_06964_/Y                                20     28     -8 (VIOLATED)
_07128_/X                                20     28     -8 (VIOLATED)
_07240_/Y                                20     28     -8 (VIOLATED)
_07638_/X                                20     28     -8 (VIOLATED)
_07928_/Y                                20     28     -8 (VIOLATED)
fanout104/X                              20     28     -8 (VIOLATED)
fanout98/X                               20     28     -8 (VIOLATED)
_06960_/X                                20     26     -6 (VIOLATED)
_07064_/Y                                20     26     -6 (VIOLATED)
_07203_/X                                20     26     -6 (VIOLATED)
_07373_/X                                20     26     -6 (VIOLATED)
_07540_/X                                20     26     -6 (VIOLATED)
_08438_/Y                                20     26     -6 (VIOLATED)
fanout86/X                               20     26     -6 (VIOLATED)
_06540_/X                                20     24     -4 (VIOLATED)
_06806_/Y                                20     24     -4 (VIOLATED)
_07011_/Y                                20     24     -4 (VIOLATED)
_07136_/Y                                20     24     -4 (VIOLATED)
_07171_/X                                20     24     -4 (VIOLATED)
clkbuf_3_2__f_clk/X                      20     24     -4 (VIOLATED)
clkbuf_3_7__f_clk/X                      20     24     -4 (VIOLATED)
max_cap67/X                              20     24     -4 (VIOLATED)
_06837_/Y                                20     22     -2 (VIOLATED)
_06852_/X                                20     22     -2 (VIOLATED)
_06858_/Y                                20     22     -2 (VIOLATED)
_07058_/X                                20     22     -2 (VIOLATED)
_09808_/X                                20     22     -2 (VIOLATED)
_11403_/Q                                20     22     -2 (VIOLATED)
clkbuf_3_0__f_clk/X                      20     22     -2 (VIOLATED)
fanout92/X                               20     22     -2 (VIOLATED)

max capacitance

Pin                                    Limit     Cap   Slack
------------------------------------------------------------
output30/X                              1.53   33.00  -31.47 (VIOLATED)
output27/X                              1.53   33.00  -31.47 (VIOLATED)
output51/X                              1.53   33.00  -31.47 (VIOLATED)
output53/X                              1.53   33.00  -31.47 (VIOLATED)
output54/X                              1.53   33.00  -31.47 (VIOLATED)
output31/X                              1.53   33.00  -31.47 (VIOLATED)
output55/X                              1.53   33.00  -31.47 (VIOLATED)
output29/X                              1.53   33.00  -31.47 (VIOLATED)
output47/X                              1.53   33.00  -31.47 (VIOLATED)
output36/X                              1.53   33.00  -31.47 (VIOLATED)
output37/X                              1.53   33.00  -31.47 (VIOLATED)
output39/X                              1.53   33.00  -31.47 (VIOLATED)
output48/X                              1.53   33.00  -31.47 (VIOLATED)
output52/X                              1.53   33.00  -31.47 (VIOLATED)
output42/X                              1.53   33.00  -31.47 (VIOLATED)
output49/X                              1.53   33.00  -31.47 (VIOLATED)
output50/X                              1.53   33.00  -31.47 (VIOLATED)
output32/X                              1.53   33.00  -31.47 (VIOLATED)
output56/X                              1.53   33.00  -31.47 (VIOLATED)
output41/X                              1.53   33.00  -31.47 (VIOLATED)
output28/X                              1.53   33.00  -31.47 (VIOLATED)
output38/X                              1.53   33.00  -31.47 (VIOLATED)
output57/X                              1.53   33.00  -31.47 (VIOLATED)
output33/X                              1.53   33.00  -31.47 (VIOLATED)
output43/X                              1.53   33.00  -31.47 (VIOLATED)
output40/X                              1.53   33.00  -31.47 (VIOLATED)
output45/X                              1.53   33.00  -31.47 (VIOLATED)
output44/X                              1.53   33.00  -31.47 (VIOLATED)
output35/X                              1.53   33.00  -31.47 (VIOLATED)
output46/X                              1.53   33.00  -31.47 (VIOLATED)
output34/X                              1.53   33.00  -31.47 (VIOLATED)



===========================================================================
report_parasitic_annotation -report_unannotated
============================================================================
Found 0 unannotated drivers.
Found 0 partially unannotated drivers.

===========================================================================
max slew violation count 62
max fanout violation count 155
max cap violation count 31
============================================================================

===========================================================================
check_setup -verbose -unconstrained_endpoints -multiple_clock -no_clock -no_input_delay -loops -generated_clocks
===========================================================================
